2024-08-22T15:42:48.149+03:00  INFO 7832 --- [frontend-service] [main] o.p.f.FrontendServiceApplicationTests    : No active profile set, falling back to 1 default profile: "default"
2024-08-22T15:42:52.582+03:00  INFO 7832 --- [frontend-service] [main] o.s.cloud.context.scope.GenericScope     : BeanFactory id=5a55eea3-d4ed-3cdc-a68a-bc226fe93dde
2024-08-22T15:42:53.043+03:00  WARN 7832 --- [frontend-service] [main] trationDelegate$BeanPostProcessorChecker : Bean 'org.springframework.cloud.client.loadbalancer.LoadBalancerAutoConfiguration$DeferringLoadBalancerInterceptorConfig' of type [org.springframework.cloud.client.loadbalancer.LoadBalancerAutoConfiguration$DeferringLoadBalancerInterceptorConfig] is not eligible for getting processed by all BeanPostProcessors (for example: not eligible for auto-proxying). The currently created BeanPostProcessor [lbRestClientPostProcessor] is declared through a non-static factory method on that class; consider declaring it as static instead.
2024-08-22T15:42:53.065+03:00  WARN 7832 --- [frontend-service] [main] trationDelegate$BeanPostProcessorChecker : Bean 'deferringLoadBalancerInterceptor' of type [org.springframework.cloud.client.loadbalancer.DeferringLoadBalancerInterceptor] is not eligible for getting processed by all BeanPostProcessors (for example: not eligible for auto-proxying). Is this bean getting eagerly injected into a currently created BeanPostProcessor [lbRestClientPostProcessor]? Check the corresponding BeanPostProcessor declaration and its dependencies.
2024-08-22T15:42:54.164+03:00  INFO 7832 --- [frontend-service] [main] DiscoveryClientOptionalArgsConfiguration : Eureka HTTP Client uses RestTemplate.
2024-08-22T15:42:55.860+03:00  INFO 7832 --- [frontend-service] [main] o.s.cloud.commons.util.InetUtils         : Cannot determine local hostname
2024-08-22T15:42:55.943+03:00  INFO 7832 --- [frontend-service] [main] o.s.c.n.eureka.InstanceInfoFactory       : Setting initial instance status as: STARTING
2024-08-22T15:42:56.082+03:00  INFO 7832 --- [frontend-service] [main] com.netflix.discovery.DiscoveryClient    : Initializing Eureka in region us-east-1
2024-08-22T15:42:56.107+03:00  INFO 7832 --- [frontend-service] [main] c.n.d.s.r.aws.ConfigClusterResolver      : Resolving eureka endpoints via configuration
2024-08-22T15:42:56.151+03:00  INFO 7832 --- [frontend-service] [main] com.netflix.discovery.DiscoveryClient    : Disable delta property : false
2024-08-22T15:42:56.152+03:00  INFO 7832 --- [frontend-service] [main] com.netflix.discovery.DiscoveryClient    : Single vip registry refresh property : null
2024-08-22T15:42:56.153+03:00  INFO 7832 --- [frontend-service] [main] com.netflix.discovery.DiscoveryClient    : Force full registry fetch : false
2024-08-22T15:42:56.153+03:00  INFO 7832 --- [frontend-service] [main] com.netflix.discovery.DiscoveryClient    : Application is null : false
2024-08-22T15:42:56.154+03:00  INFO 7832 --- [frontend-service] [main] com.netflix.discovery.DiscoveryClient    : Registered Applications size is zero : true
2024-08-22T15:42:56.155+03:00  INFO 7832 --- [frontend-service] [main] com.netflix.discovery.DiscoveryClient    : Application version is -1: true
2024-08-22T15:42:56.156+03:00  INFO 7832 --- [frontend-service] [main] com.netflix.discovery.DiscoveryClient    : Getting all instance registry info from the eureka server
2024-08-22T15:42:57.048+03:00  INFO 7832 --- [frontend-service] [main] com.netflix.discovery.DiscoveryClient    : The response status is 200
2024-08-22T15:42:57.058+03:00  INFO 7832 --- [frontend-service] [main] com.netflix.discovery.DiscoveryClient    : Starting heartbeat executor: renew interval is: 30
2024-08-22T15:42:57.071+03:00  INFO 7832 --- [frontend-service] [main] c.n.discovery.InstanceInfoReplicator     : InstanceInfoReplicator onDemand update allowed rate per min is 4
2024-08-22T15:42:57.081+03:00  INFO 7832 --- [frontend-service] [main] com.netflix.discovery.DiscoveryClient    : Discovery Client initialized at timestamp 1724330577077 with initial instances count: 2
2024-08-22T15:42:57.742+03:00  INFO 7832 --- [frontend-service] [main] o.s.b.a.w.s.WelcomePageHandlerMapping    : Adding welcome page template: index
2024-08-22T15:43:01.711+03:00  INFO 7832 --- [frontend-service] [main] o.s.cloud.commons.util.InetUtils         : Cannot determine local hostname
2024-08-22T15:43:01.916+03:00  WARN 7832 --- [frontend-service] [main] iguration$LoadBalancerCaffeineWarnLogger : Spring Cloud LoadBalancer is currently working with the default cache. While this cache implementation is useful for development and tests, it's recommended to use Caffeine cache in production.You can switch to using Caffeine cache, by adding it and org.springframework.cache.caffeine.CaffeineCacheManager to the classpath.
2024-08-22T15:43:02.088+03:00  INFO 7832 --- [frontend-service] [main] o.s.c.n.e.s.EurekaServiceRegistry        : Registering application FRONTEND-SERVICE with eureka with status UP
2024-08-22T15:43:02.094+03:00  INFO 7832 --- [frontend-service] [main] com.netflix.discovery.DiscoveryClient    : Saw local status change event StatusChangeEvent [timestamp=1724330582094, current=UP, previous=STARTING]
2024-08-22T15:43:02.105+03:00  INFO 7832 --- [frontend-service] [DiscoveryClient-InstanceInfoReplicator-%d] com.netflix.discovery.DiscoveryClient    : DiscoveryClient_FRONTEND-SERVICE/localhost:frontend-service:18080: registering service...
2024-08-22T15:43:02.205+03:00  INFO 7832 --- [frontend-service] [main] o.p.f.FrontendServiceApplicationTests    : Started FrontendServiceApplicationTests in 22.197 seconds (process running for 41.117)
2024-08-22T15:43:02.622+03:00  INFO 7832 --- [frontend-service] [DiscoveryClient-InstanceInfoReplicator-%d] com.netflix.discovery.DiscoveryClient    : DiscoveryClient_FRONTEND-SERVICE/localhost:frontend-service:18080 - registration status: 204
2024-08-22T15:43:08.001+03:00  INFO 7832 --- [frontend-service] [SpringApplicationShutdownHook] o.s.c.n.e.s.EurekaServiceRegistry        : Unregistering application FRONTEND-SERVICE with eureka with status DOWN
2024-08-22T15:43:08.003+03:00  INFO 7832 --- [frontend-service] [SpringApplicationShutdownHook] com.netflix.discovery.DiscoveryClient    : Saw local status change event StatusChangeEvent [timestamp=1724330588003, current=DOWN, previous=UP]
2024-08-22T15:43:08.004+03:00  INFO 7832 --- [frontend-service] [DiscoveryClient-InstanceInfoReplicator-%d] com.netflix.discovery.DiscoveryClient    : DiscoveryClient_FRONTEND-SERVICE/localhost:frontend-service:18080: registering service...
2024-08-22T15:43:08.015+03:00  INFO 7832 --- [frontend-service] [SpringApplicationShutdownHook] com.netflix.discovery.DiscoveryClient    : Shutting down DiscoveryClient ...
2024-08-22T15:43:08.023+03:00  INFO 7832 --- [frontend-service] [DiscoveryClient-InstanceInfoReplicator-%d] com.netflix.discovery.DiscoveryClient    : DiscoveryClient_FRONTEND-SERVICE/localhost:frontend-service:18080 - registration status: 204
2024-08-22T15:43:08.025+03:00  INFO 7832 --- [frontend-service] [SpringApplicationShutdownHook] com.netflix.discovery.DiscoveryClient    : Unregistering ...
2024-08-22T15:43:08.043+03:00  INFO 7832 --- [frontend-service] [SpringApplicationShutdownHook] com.netflix.discovery.DiscoveryClient    : DiscoveryClient_FRONTEND-SERVICE/localhost:frontend-service:18080 - deregister  status: 200
2024-08-22T15:43:08.044+03:00  INFO 7832 --- [frontend-service] [SpringApplicationShutdownHook] com.netflix.discovery.DiscoveryClient    : Completed shut down of DiscoveryClient
